\BOOKMARK [1][-]{section.1}{Rewrite the algorithm}{}% 1
